// Vitest Snapshot v1, https://vitest.dev/guide/snapshot.html

exports[`compileRouteTree > from 0 modules 1`] = `[Error: Routes were not compiled]`;
