// Vitest Snapshot v1, https://vitest.dev/guide/snapshot.html

exports[`location > useLocation 1`] = `
<div>
  <div
    data-testid="test-wrapper"
  >
    <div>
      /abc
    </div>
  </div>
</div>
`;
