// Vitest Snapshot v1, https://vitest.dev/guide/snapshot.html

exports[`match > context > useMatch 1`] = `
<div>
  <div
    data-testid="test-wrapper"
  >
    <div>
      Layout /
    </div>
  </div>
</div>
`;
