// Vitest Snapshot v1, https://vitest.dev/guide/snapshot.html

exports[`enrouter > hello 1`] = `"Hello enrouter"`;
