// Vitest Snapshot v1, https://vitest.dev/guide/snapshot.html

exports[`mod > helloWorld 1`] = `"Hello world"`;
