// Vitest Snapshot v1, https://vitest.dev/guide/snapshot.html

exports[`router > Root > _root 1`] = `
<div>
  <div
    data-testid="test-wrapper"
  >
    <div>
      Root
    </div>
  </div>
</div>
`;
