// Vitest Snapshot v1, https://vitest.dev/guide/snapshot.html

exports[`router/static > 1 route and 1 match 1`] = `
<div>
  <div
    data-testid="test-wrapper"
  >
    <div>
      Layout
    </div>
  </div>
</div>
`;
